<?xml version="1.0" encoding="UTF-8" ?>
<testsuites name="vitest tests" tests="1" failures="0" errors="0" time="0.004065913">
    <testsuite name="src/App.test.jsx" timestamp="2026-04-07T17:46:42.441Z" hostname="pop-os" tests="1" failures="0" errors="0" skipped="0" time="0.004065913">
        <testcase classname="src/App.test.jsx" name="App &gt; should run tests successfully" time="0.002109647">
        </testcase>
    </testsuite>
</testsuites>
